// Jest Snapshot v1, https://goo.gl/fbAQLP

exports[`<Accordion /> renders 1`] = `ShallowWrapper {}`;
